// Jest Snapshot v1, https://goo.gl/fbAQLP

exports[`<TrackListItemIcon /> Snapshot test should render successfully and match snapshot 1`] = `
<styled.div>
  <Styled(Component) />
</styled.div>
`;
