// Jest Snapshot v1, https://goo.gl/fbAQLP

exports[`<PlayerFader /> Snapshot test should render successfully and match snapshot 1`] = `<styled.div />`;
