// Jest Snapshot v1, https://goo.gl/fbAQLP

exports[`<StickyButton /> Snapshot test should render successfully and match snapshot 1`] = `
<styled.div
  active={false}
  onClick={[Function]}
>
  children
</styled.div>
`;
