// Jest Snapshot v1, https://goo.gl/fbAQLP

exports[`<ProtectedRoute /> Snapshot test should render successfully and match snapshot 1`] = `
<Router
  location={
    Object {
      "hash": "",
      "key": "default",
      "pathname": "/",
      "search": "",
      "state": null,
    }
  }
  navigationType="POP"
  navigator={
    Object {
      "action": "POP",
      "createHref": [Function],
      "encodeLocation": [Function],
      "go": [Function],
      "listen": [Function],
      "location": Object {
        "hash": "",
        "key": "default",
        "pathname": "/",
        "search": "",
        "state": null,
      },
      "push": [Function],
      "replace": [Function],
    }
  }
>
  <UNDEFINED
    isAllowed={true}
  >
    123
  </UNDEFINED>
</Router>
`;
