// Jest Snapshot v1, https://goo.gl/fbAQLP

exports[`<TrackListHeader /> Snapshot test should render successfully and match snapshot 1`] = `
<styled.div>
  <styled.div>
    <styled.div />
  </styled.div>
</styled.div>
`;
