// Jest Snapshot v1, https://goo.gl/fbAQLP

exports[`<NotFoundSubTitle /> Snapshot test should render successfully and match snapshot 1`] = `
<styled.h2>
  children
</styled.h2>
`;
