// Jest Snapshot v1, https://goo.gl/fbAQLP

exports[`<PlayerProgress /> Snapshot test should render successfully and match snapshot 1`] = `
<styled.div
  onClick={[Function]}
>
  <styled.div />
</styled.div>
`;
