// Jest Snapshot v1, https://goo.gl/fbAQLP

exports[`<TrackListItemAlbum /> Snapshot test should render successfully and match snapshot 1`] = `
<styled.p>
  children
</styled.p>
`;
