// Jest Snapshot v1, https://goo.gl/fbAQLP

exports[`<NotFoundTitle /> Snapshot test should render successfully and match snapshot 1`] = `
<styled.h1>
  children
</styled.h1>
`;
