// Jest Snapshot v1, https://goo.gl/fbAQLP

exports[`<PlayerPanelMute /> Snapshot test should render successfully and match snapshot 1`] = `
<styled.div
  onMouseDown={[Function]}
>
  <styled.div />
</styled.div>
`;
