// Jest Snapshot v1, https://goo.gl/fbAQLP

exports[`<Label /> Snapshot test should render successfully and match snapshot 1`] = `
<styled.p>
  123
</styled.p>
`;
