// Jest Snapshot v1, https://goo.gl/fbAQLP

exports[`<MainNavigationLink /> Snapshot test should render successfully and match snapshot 1`] = `
<Styled(NavLink)>
  children
</Styled(NavLink)>
`;
