// Jest Snapshot v1, https://goo.gl/fbAQLP

exports[`<TrackList /> Snapshot test should render successfully and match snapshot 1`] = `
<styled.div>
  <styled.p>
    трек
  </styled.p>
  <styled.p>
    исполнитель
  </styled.p>
  <styled.p>
    альбом
  </styled.p>
  <Styled(Component) />
</styled.div>
`;
