// Jest Snapshot v1, https://goo.gl/fbAQLP

exports[`<LoginSubmit /> Snapshot test should render successfully and match snapshot 1`] = `
<styled.input
  value={123}
/>
`;
