// Jest Snapshot v1, https://goo.gl/fbAQLP

exports[`<LoginButton /> Snapshot test should render successfully and match snapshot 1`] = `
<styled.input>
  123
</styled.input>
`;
